# config.toml — per-root stako config. Gitignored.

[daemon]
loopback_only = true
default_stack = "default"
port = 7421

[workdir]
# Items requesting a workdir outside this list are blocked at routing.
# Add absolute paths; tilde-expansion is performed at load time.
allowlist = []

# Identities. Capabilities are scope strings like
# "stack.<name>.read" or "*".
[identity.local]
type = "user"
description = "the local user (CLI, web view) on this machine"
capabilities = ["*"]

[identity.claude-local]
type = "mcp"
description = "local Claude Code"
capabilities = ["stack.default.read", "stack.default.append", "stack.default.insert"]

[identity.codex-local]
type = "mcp"
description = "local Codex"
capabilities = ["stack.default.read"]

[provider.anthropic]
auth_kind = "subscription"

[provider.openai]
auth_kind = "subscription"
