# .stako/config.local.toml — per-machine; gitignored.
# Overrides values in config.toml at load time (last-write-wins).

[daemon]
port = 7421

[workdir]
# Items requesting a workdir outside this list are blocked at routing.
# Add absolute paths; tilde-expansion is performed at load time.
allowlist = []

[identity.local]
type = "user"
description = "the local user (CLI, web view) on this machine"
capabilities = ["*"]
